// Jest Snapshot v1, https://goo.gl/fbAQLP

exports[`My Account screen renders correctly 1`] = `
<RCTSafeAreaView
  emulateUnlessSupported={true}
  style={
    Object {
      "backgroundColor": "white",
      "flex": 1,
    }
  }
>
  <View
    style={
      Object {
        "alignItems": "center",
        "flex": 1,
      }
    }
  >
    <View
      style={
        Object {
          "alignItems": "center",
          "minHeight": 1,
          "padding": 20,
          "width": 750,
        }
      }
    >
      <TextInput
        keyboardType="email-address"
        onChangeText={[Function]}
        onSubmitEditing={[Function]}
        placeholder="E-mail"
        style={
          Object {
            "borderBottomColor": "#aaa",
            "borderBottomWidth": 1,
            "height": 20,
            "marginBottom": 8,
            "minHeight": 40,
            "width": "100%",
          }
        }
        value=""
      />
      <TextInput
        onChangeText={[Function]}
        onSubmitEditing={[Function]}
        placeholder="Password"
        style={
          Object {
            "borderBottomColor": "#aaa",
            "borderBottomWidth": 1,
            "height": 20,
            "marginBottom": 8,
            "minHeight": 40,
            "width": "100%",
          }
        }
        value=""
      />
      <View
        accessibilityRole="button"
        accessible={true}
        collapsable={false}
        focusable={true}
        onClick={[Function]}
        onResponderGrant={[Function]}
        onResponderMove={[Function]}
        onResponderRelease={[Function]}
        onResponderTerminate={[Function]}
        onResponderTerminationRequest={[Function]}
        onStartShouldSetResponder={[Function]}
        style={
          Object {
            "opacity": 1,
          }
        }
      >
        <View
          style={
            Array [
              Object {},
            ]
          }
        >
          <Text
            style={
              Array [
                Object {
                  "color": "#007AFF",
                  "fontSize": 18,
                  "margin": 8,
                  "textAlign": "center",
                },
              ]
            }
          >
            Login
          </Text>
        </View>
      </View>
    </View>
  </View>
</RCTSafeAreaView>
`;
